[
  {
    "description": "  Cucumber doesn't execute this markdown, but @cucumber/react renders it\n  \n  * This is\n  * a bullet\n  * list",
    "elements": [
      {
        "description": "",
        "id": "minimal;cukes",
        "keyword": "Scenario",
        "line": 9,
        "name": "cukes",
        "steps": [
          {
            "arguments": [],
            "keyword": "Given ",
            "line": 10,
            "name": "I have 42 cukes in my belly",
            "match": {
              "location": "features/minimal/common.steps.ts:3"
            },
            "result": {
              "status": "passed",
              "duration": 179000
            }
          }
        ],
        "tags": [],
        "type": "scenario"
      }
    ],
    "id": "minimal",
    "line": 1,
    "keyword": "Feature",
    "name": "minimal",
    "tags": [],
    "uri": "features/minimal/minimal.feature"
  }
]
